// Vitest Snapshot v1, https://vitest.dev/guide/snapshot.html

exports[`It renders the button properly 1`] = `"<div data-v-769e16e1=\\"\\" class=\\"container\\"><button data-v-769e16e1=\\"\\" class=\\"bookmark-button\\"><span data-v-769e16e1=\\"\\" class=\\"bookmark-icon\\"></span><span data-v-769e16e1=\\"\\" class=\\"bookmark-text\\">Add Bookmark</span></button></div>"`;
