// Vitest Snapshot v1, https://vitest.dev/guide/snapshot.html

exports[`it renders the button properly 1`] = `
"<div data-v-2abb9aef=\\"\\" class=\\"filter-wrapper\\">
  <div data-v-2abb9aef=\\"\\" class=\\"header\\">Filter</div>
  <div data-v-2abb9aef=\\"\\" class=\\"price\\"><label data-v-2abb9aef=\\"\\">Price</label>
    <div data-v-2abb9aef=\\"\\" class=\\"price-input\\">
      <div data-v-2abb9aef=\\"\\"><label data-v-2abb9aef=\\"\\" for=\\"min-price\\">From</label><input data-v-2abb9aef=\\"\\" type=\\"number\\" id=\\"min-price\\" name=\\"min-price\\"></div>
      <div data-v-2abb9aef=\\"\\"><label data-v-2abb9aef=\\"\\" for=\\"max-price\\">To</label><input data-v-2abb9aef=\\"\\" type=\\"number\\" id=\\"max-price\\" name=\\"max-price\\"></div>
    </div>
  </div>
  <div data-v-2abb9aef=\\"\\" class=\\"category\\"><label data-v-2abb9aef=\\"\\">Category</label><select data-v-2abb9aef=\\"\\">
      <option data-v-2abb9aef=\\"\\" value=\\"\\">All</option>
    </select></div><button data-v-2abb9aef=\\"\\" class=\\"apply\\">Apply</button><button data-v-2abb9aef=\\"\\" class=\\"reset\\">Reset</button>
</div>"
`;
